// Vitest Snapshot v1, https://vitest.dev/guide/snapshot.html

exports[`InputTableGroup > snapshot > should render empty input table group 1`] = `<DocumentFragment />`;

exports[`InputTableGroup > snapshot > should render input table group with a single table 1`] = `
<DocumentFragment>
  <form>
    <table
      class="bg-white mx-auto"
    >
      <thead>
        <tr>
          <th />
          <th
            class="fs-5 p-3"
          >
            Name
          </th>
        </tr>
      </thead>
      <tbody>
        <tr>
          <td
            class="fs-4 fw-bold ps-3"
          >
            1
          </td>
          <td
            class="align-middle"
          >
            <input
              class="form-text-input p-1 m-1 text-center"
              name="testSingleTable.0.name"
              style="max-width: 150px;"
              title="Name"
              type="text"
            />
          </td>
          <td>
            <button
              class="me-2 bg-white text-danger rounded fs-5 border border-3 border-danger button-hover"
              type="button"
            >
              <span
                class="ps-2"
              >
                הסר
              </span>
              <svg
                aria-hidden="true"
                class="svg-inline--fa fa-circle-minus "
                color="red"
                data-icon="circle-minus"
                data-prefix="fas"
                focusable="false"
                role="img"
                viewBox="0 0 512 512"
                xmlns="http://www.w3.org/2000/svg"
              >
                <path
                  d="M256 512c141.4 0 256-114.6 256-256S397.4 0 256 0S0 114.6 0 256S114.6 512 256 512zM184 232H328c13.3 0 24 10.7 24 24s-10.7 24-24 24H184c-13.3 0-24-10.7-24-24s10.7-24 24-24z"
                  fill="currentColor"
                />
              </svg>
            </button>
          </td>
          <td>
            <button
              class="me-2 bg-white text-primary rounded fs-5 border border-3 border-primary button-hover"
              type="button"
            >
              <span
                class="ps-2"
              >
                העבר
              </span>
              <svg
                aria-hidden="true"
                class="svg-inline--fa fa-share fa-flip-horizontal "
                color="blue"
                data-icon="share"
                data-prefix="fas"
                focusable="false"
                role="img"
                viewBox="0 0 512 512"
                xmlns="http://www.w3.org/2000/svg"
              >
                <path
                  d="M307 34.8c-11.5 5.1-19 16.6-19 29.2v64H176C78.8 128 0 206.8 0 304C0 417.3 81.5 467.9 100.2 478.1c2.5 1.4 5.3 1.9 8.1 1.9c10.9 0 19.7-8.9 19.7-19.7c0-7.5-4.3-14.4-9.8-19.5C108.8 431.9 96 414.4 96 384c0-53 43-96 96-96h96v64c0 12.6 7.4 24.1 19 29.2s25 3 34.4-5.4l160-144c6.7-6.1 10.6-14.7 10.6-23.8s-3.8-17.7-10.6-23.8l-160-144c-9.4-8.5-22.9-10.6-34.4-5.4z"
                  fill="currentColor"
                />
              </svg>
            </button>
          </td>
        </tr>
      </tbody>
    </table>
    <button
      class="fs-4 bg-default rounded m-4 py-2 px-4"
      type="button"
    >
      הוסף נהג
    </button>
  </form>
</DocumentFragment>
`;

exports[`InputTableGroup > snapshot > should render input table group with one table, which has two columns and three rows 1`] = `
<DocumentFragment>
  <form>
    <table
      class="bg-white mx-auto"
    >
      <thead>
        <tr>
          <th />
          <th
            class="fs-5 p-3"
          >
            Name
          </th>
          <th
            class="fs-5 p-3"
          >
            Score
          </th>
        </tr>
      </thead>
      <tbody>
        <tr>
          <td
            class="fs-4 fw-bold ps-3"
          >
            1
          </td>
          <td
            class="align-middle"
          >
            <input
              class="form-text-input p-1 m-1 text-center"
              name="testTwoColsThreeRows.0.name"
              style="max-width: 150px;"
              title="Name"
              type="text"
            />
          </td>
          <td
            class="align-middle"
          >
            <input
              class="form-text-input p-1 m-1 text-center"
              name="testTwoColsThreeRows.0.points"
              style="max-width: 150px;"
              title="Score"
              type="text"
            />
          </td>
          <td>
            <button
              class="me-2 bg-white text-danger rounded fs-5 border border-3 border-danger button-hover"
              type="button"
            >
              <span
                class="ps-2"
              >
                הסר
              </span>
              <svg
                aria-hidden="true"
                class="svg-inline--fa fa-circle-minus "
                color="red"
                data-icon="circle-minus"
                data-prefix="fas"
                focusable="false"
                role="img"
                viewBox="0 0 512 512"
                xmlns="http://www.w3.org/2000/svg"
              >
                <path
                  d="M256 512c141.4 0 256-114.6 256-256S397.4 0 256 0S0 114.6 0 256S114.6 512 256 512zM184 232H328c13.3 0 24 10.7 24 24s-10.7 24-24 24H184c-13.3 0-24-10.7-24-24s10.7-24 24-24z"
                  fill="currentColor"
                />
              </svg>
            </button>
          </td>
          <td>
            <button
              class="me-2 bg-white text-primary rounded fs-5 border border-3 border-primary button-hover"
              type="button"
            >
              <span
                class="ps-2"
              >
                העבר
              </span>
              <svg
                aria-hidden="true"
                class="svg-inline--fa fa-share fa-flip-horizontal "
                color="blue"
                data-icon="share"
                data-prefix="fas"
                focusable="false"
                role="img"
                viewBox="0 0 512 512"
                xmlns="http://www.w3.org/2000/svg"
              >
                <path
                  d="M307 34.8c-11.5 5.1-19 16.6-19 29.2v64H176C78.8 128 0 206.8 0 304C0 417.3 81.5 467.9 100.2 478.1c2.5 1.4 5.3 1.9 8.1 1.9c10.9 0 19.7-8.9 19.7-19.7c0-7.5-4.3-14.4-9.8-19.5C108.8 431.9 96 414.4 96 384c0-53 43-96 96-96h96v64c0 12.6 7.4 24.1 19 29.2s25 3 34.4-5.4l160-144c6.7-6.1 10.6-14.7 10.6-23.8s-3.8-17.7-10.6-23.8l-160-144c-9.4-8.5-22.9-10.6-34.4-5.4z"
                  fill="currentColor"
                />
              </svg>
            </button>
          </td>
        </tr>
        <tr>
          <td
            class="fs-4 fw-bold ps-3"
          >
            2
          </td>
          <td
            class="align-middle"
          >
            <input
              class="form-text-input p-1 m-1 text-center"
              name="testTwoColsThreeRows.1.name"
              style="max-width: 150px;"
              title="Name"
              type="text"
            />
          </td>
          <td
            class="align-middle"
          >
            <input
              class="form-text-input p-1 m-1 text-center"
              name="testTwoColsThreeRows.1.points"
              style="max-width: 150px;"
              title="Score"
              type="text"
            />
          </td>
          <td>
            <button
              class="me-2 bg-white text-danger rounded fs-5 border border-3 border-danger button-hover"
              type="button"
            >
              <span
                class="ps-2"
              >
                הסר
              </span>
              <svg
                aria-hidden="true"
                class="svg-inline--fa fa-circle-minus "
                color="red"
                data-icon="circle-minus"
                data-prefix="fas"
                focusable="false"
                role="img"
                viewBox="0 0 512 512"
                xmlns="http://www.w3.org/2000/svg"
              >
                <path
                  d="M256 512c141.4 0 256-114.6 256-256S397.4 0 256 0S0 114.6 0 256S114.6 512 256 512zM184 232H328c13.3 0 24 10.7 24 24s-10.7 24-24 24H184c-13.3 0-24-10.7-24-24s10.7-24 24-24z"
                  fill="currentColor"
                />
              </svg>
            </button>
          </td>
          <td>
            <button
              class="me-2 bg-white text-primary rounded fs-5 border border-3 border-primary button-hover"
              type="button"
            >
              <span
                class="ps-2"
              >
                העבר
              </span>
              <svg
                aria-hidden="true"
                class="svg-inline--fa fa-share fa-flip-horizontal "
                color="blue"
                data-icon="share"
                data-prefix="fas"
                focusable="false"
                role="img"
                viewBox="0 0 512 512"
                xmlns="http://www.w3.org/2000/svg"
              >
                <path
                  d="M307 34.8c-11.5 5.1-19 16.6-19 29.2v64H176C78.8 128 0 206.8 0 304C0 417.3 81.5 467.9 100.2 478.1c2.5 1.4 5.3 1.9 8.1 1.9c10.9 0 19.7-8.9 19.7-19.7c0-7.5-4.3-14.4-9.8-19.5C108.8 431.9 96 414.4 96 384c0-53 43-96 96-96h96v64c0 12.6 7.4 24.1 19 29.2s25 3 34.4-5.4l160-144c6.7-6.1 10.6-14.7 10.6-23.8s-3.8-17.7-10.6-23.8l-160-144c-9.4-8.5-22.9-10.6-34.4-5.4z"
                  fill="currentColor"
                />
              </svg>
            </button>
          </td>
        </tr>
        <tr>
          <td
            class="fs-4 fw-bold ps-3"
          >
            3
          </td>
          <td
            class="align-middle"
          >
            <input
              class="form-text-input p-1 m-1 text-center"
              name="testTwoColsThreeRows.2.name"
              style="max-width: 150px;"
              title="Name"
              type="text"
            />
          </td>
          <td
            class="align-middle"
          >
            <input
              class="form-text-input p-1 m-1 text-center"
              name="testTwoColsThreeRows.2.points"
              style="max-width: 150px;"
              title="Score"
              type="text"
            />
          </td>
          <td>
            <button
              class="me-2 bg-white text-danger rounded fs-5 border border-3 border-danger button-hover"
              type="button"
            >
              <span
                class="ps-2"
              >
                הסר
              </span>
              <svg
                aria-hidden="true"
                class="svg-inline--fa fa-circle-minus "
                color="red"
                data-icon="circle-minus"
                data-prefix="fas"
                focusable="false"
                role="img"
                viewBox="0 0 512 512"
                xmlns="http://www.w3.org/2000/svg"
              >
                <path
                  d="M256 512c141.4 0 256-114.6 256-256S397.4 0 256 0S0 114.6 0 256S114.6 512 256 512zM184 232H328c13.3 0 24 10.7 24 24s-10.7 24-24 24H184c-13.3 0-24-10.7-24-24s10.7-24 24-24z"
                  fill="currentColor"
                />
              </svg>
            </button>
          </td>
          <td>
            <button
              class="me-2 bg-white text-primary rounded fs-5 border border-3 border-primary button-hover"
              type="button"
            >
              <span
                class="ps-2"
              >
                העבר
              </span>
              <svg
                aria-hidden="true"
                class="svg-inline--fa fa-share fa-flip-horizontal "
                color="blue"
                data-icon="share"
                data-prefix="fas"
                focusable="false"
                role="img"
                viewBox="0 0 512 512"
                xmlns="http://www.w3.org/2000/svg"
              >
                <path
                  d="M307 34.8c-11.5 5.1-19 16.6-19 29.2v64H176C78.8 128 0 206.8 0 304C0 417.3 81.5 467.9 100.2 478.1c2.5 1.4 5.3 1.9 8.1 1.9c10.9 0 19.7-8.9 19.7-19.7c0-7.5-4.3-14.4-9.8-19.5C108.8 431.9 96 414.4 96 384c0-53 43-96 96-96h96v64c0 12.6 7.4 24.1 19 29.2s25 3 34.4-5.4l160-144c6.7-6.1 10.6-14.7 10.6-23.8s-3.8-17.7-10.6-23.8l-160-144c-9.4-8.5-22.9-10.6-34.4-5.4z"
                  fill="currentColor"
                />
              </svg>
            </button>
          </td>
        </tr>
      </tbody>
    </table>
    <button
      class="fs-4 bg-default rounded m-4 py-2 px-4"
      type="button"
    >
      הוסף נהג
    </button>
  </form>
</DocumentFragment>
`;

exports[`InputTableGroup > snapshot > should render input table group with two simple tables 1`] = `
<DocumentFragment>
  <form>
    <table
      class="bg-white mx-auto"
    >
      <thead>
        <tr>
          <th />
          <th
            class="fs-5 p-3"
          >
            Name
          </th>
        </tr>
      </thead>
      <tbody>
        <tr>
          <td
            class="fs-4 fw-bold ps-3"
          >
            1
          </td>
          <td
            class="align-middle"
          >
            <input
              class="form-text-input p-1 m-1 text-center"
              name="testSingleTable.0.name"
              style="max-width: 150px;"
              title="Name"
              type="text"
            />
          </td>
          <td>
            <button
              class="me-2 bg-white text-danger rounded fs-5 border border-3 border-danger button-hover"
              type="button"
            >
              <span
                class="ps-2"
              >
                הסר
              </span>
              <svg
                aria-hidden="true"
                class="svg-inline--fa fa-circle-minus "
                color="red"
                data-icon="circle-minus"
                data-prefix="fas"
                focusable="false"
                role="img"
                viewBox="0 0 512 512"
                xmlns="http://www.w3.org/2000/svg"
              >
                <path
                  d="M256 512c141.4 0 256-114.6 256-256S397.4 0 256 0S0 114.6 0 256S114.6 512 256 512zM184 232H328c13.3 0 24 10.7 24 24s-10.7 24-24 24H184c-13.3 0-24-10.7-24-24s10.7-24 24-24z"
                  fill="currentColor"
                />
              </svg>
            </button>
          </td>
          <td>
            <button
              class="me-2 bg-white text-primary rounded fs-5 border border-3 border-primary button-hover"
              type="button"
            >
              <span
                class="ps-2"
              >
                העבר
              </span>
              <svg
                aria-hidden="true"
                class="svg-inline--fa fa-share fa-flip-horizontal "
                color="blue"
                data-icon="share"
                data-prefix="fas"
                focusable="false"
                role="img"
                viewBox="0 0 512 512"
                xmlns="http://www.w3.org/2000/svg"
              >
                <path
                  d="M307 34.8c-11.5 5.1-19 16.6-19 29.2v64H176C78.8 128 0 206.8 0 304C0 417.3 81.5 467.9 100.2 478.1c2.5 1.4 5.3 1.9 8.1 1.9c10.9 0 19.7-8.9 19.7-19.7c0-7.5-4.3-14.4-9.8-19.5C108.8 431.9 96 414.4 96 384c0-53 43-96 96-96h96v64c0 12.6 7.4 24.1 19 29.2s25 3 34.4-5.4l160-144c6.7-6.1 10.6-14.7 10.6-23.8s-3.8-17.7-10.6-23.8l-160-144c-9.4-8.5-22.9-10.6-34.4-5.4z"
                  fill="currentColor"
                />
              </svg>
            </button>
          </td>
        </tr>
      </tbody>
    </table>
    <button
      class="fs-4 bg-default rounded m-4 py-2 px-4"
      type="button"
    >
      הוסף נהג
    </button>
  </form>
  <form>
    <table
      class="bg-white mx-auto"
    >
      <thead>
        <tr>
          <th />
          <th
            class="fs-5 p-3"
          >
            Name
          </th>
        </tr>
      </thead>
      <tbody>
        <tr>
          <td
            class="fs-4 fw-bold ps-3"
          >
            1
          </td>
          <td
            class="align-middle"
          >
            <input
              class="form-text-input p-1 m-1 text-center"
              name="testSingleTable.0.name"
              style="max-width: 150px;"
              title="Name"
              type="text"
            />
          </td>
          <td>
            <button
              class="me-2 bg-white text-danger rounded fs-5 border border-3 border-danger button-hover"
              type="button"
            >
              <span
                class="ps-2"
              >
                הסר
              </span>
              <svg
                aria-hidden="true"
                class="svg-inline--fa fa-circle-minus "
                color="red"
                data-icon="circle-minus"
                data-prefix="fas"
                focusable="false"
                role="img"
                viewBox="0 0 512 512"
                xmlns="http://www.w3.org/2000/svg"
              >
                <path
                  d="M256 512c141.4 0 256-114.6 256-256S397.4 0 256 0S0 114.6 0 256S114.6 512 256 512zM184 232H328c13.3 0 24 10.7 24 24s-10.7 24-24 24H184c-13.3 0-24-10.7-24-24s10.7-24 24-24z"
                  fill="currentColor"
                />
              </svg>
            </button>
          </td>
          <td>
            <button
              class="me-2 bg-white text-primary rounded fs-5 border border-3 border-primary button-hover"
              type="button"
            >
              <span
                class="ps-2"
              >
                העבר
              </span>
              <svg
                aria-hidden="true"
                class="svg-inline--fa fa-share fa-flip-horizontal "
                color="blue"
                data-icon="share"
                data-prefix="fas"
                focusable="false"
                role="img"
                viewBox="0 0 512 512"
                xmlns="http://www.w3.org/2000/svg"
              >
                <path
                  d="M307 34.8c-11.5 5.1-19 16.6-19 29.2v64H176C78.8 128 0 206.8 0 304C0 417.3 81.5 467.9 100.2 478.1c2.5 1.4 5.3 1.9 8.1 1.9c10.9 0 19.7-8.9 19.7-19.7c0-7.5-4.3-14.4-9.8-19.5C108.8 431.9 96 414.4 96 384c0-53 43-96 96-96h96v64c0 12.6 7.4 24.1 19 29.2s25 3 34.4-5.4l160-144c6.7-6.1 10.6-14.7 10.6-23.8s-3.8-17.7-10.6-23.8l-160-144c-9.4-8.5-22.9-10.6-34.4-5.4z"
                  fill="currentColor"
                />
              </svg>
            </button>
          </td>
        </tr>
      </tbody>
    </table>
    <button
      class="fs-4 bg-default rounded m-4 py-2 px-4"
      type="button"
    >
      הוסף נהג
    </button>
  </form>
</DocumentFragment>
`;

exports[`InputTableGroup > snapshot > should render input table group with two tables, each has two columns and three rows 1`] = `
<DocumentFragment>
  <form>
    <table
      class="bg-white mx-auto"
    >
      <thead>
        <tr>
          <th />
          <th
            class="fs-5 p-3"
          >
            Name
          </th>
          <th
            class="fs-5 p-3"
          >
            Score
          </th>
        </tr>
      </thead>
      <tbody>
        <tr>
          <td
            class="fs-4 fw-bold ps-3"
          >
            1
          </td>
          <td
            class="align-middle"
          >
            <input
              class="form-text-input p-1 m-1 text-center"
              name="testTwoColsThreeRows.0.name"
              style="max-width: 150px;"
              title="Name"
              type="text"
            />
          </td>
          <td
            class="align-middle"
          >
            <input
              class="form-text-input p-1 m-1 text-center"
              name="testTwoColsThreeRows.0.points"
              style="max-width: 150px;"
              title="Score"
              type="text"
            />
          </td>
          <td>
            <button
              class="me-2 bg-white text-danger rounded fs-5 border border-3 border-danger button-hover"
              type="button"
            >
              <span
                class="ps-2"
              >
                הסר
              </span>
              <svg
                aria-hidden="true"
                class="svg-inline--fa fa-circle-minus "
                color="red"
                data-icon="circle-minus"
                data-prefix="fas"
                focusable="false"
                role="img"
                viewBox="0 0 512 512"
                xmlns="http://www.w3.org/2000/svg"
              >
                <path
                  d="M256 512c141.4 0 256-114.6 256-256S397.4 0 256 0S0 114.6 0 256S114.6 512 256 512zM184 232H328c13.3 0 24 10.7 24 24s-10.7 24-24 24H184c-13.3 0-24-10.7-24-24s10.7-24 24-24z"
                  fill="currentColor"
                />
              </svg>
            </button>
          </td>
          <td>
            <button
              class="me-2 bg-white text-primary rounded fs-5 border border-3 border-primary button-hover"
              type="button"
            >
              <span
                class="ps-2"
              >
                העבר
              </span>
              <svg
                aria-hidden="true"
                class="svg-inline--fa fa-share fa-flip-horizontal "
                color="blue"
                data-icon="share"
                data-prefix="fas"
                focusable="false"
                role="img"
                viewBox="0 0 512 512"
                xmlns="http://www.w3.org/2000/svg"
              >
                <path
                  d="M307 34.8c-11.5 5.1-19 16.6-19 29.2v64H176C78.8 128 0 206.8 0 304C0 417.3 81.5 467.9 100.2 478.1c2.5 1.4 5.3 1.9 8.1 1.9c10.9 0 19.7-8.9 19.7-19.7c0-7.5-4.3-14.4-9.8-19.5C108.8 431.9 96 414.4 96 384c0-53 43-96 96-96h96v64c0 12.6 7.4 24.1 19 29.2s25 3 34.4-5.4l160-144c6.7-6.1 10.6-14.7 10.6-23.8s-3.8-17.7-10.6-23.8l-160-144c-9.4-8.5-22.9-10.6-34.4-5.4z"
                  fill="currentColor"
                />
              </svg>
            </button>
          </td>
        </tr>
        <tr>
          <td
            class="fs-4 fw-bold ps-3"
          >
            2
          </td>
          <td
            class="align-middle"
          >
            <input
              class="form-text-input p-1 m-1 text-center"
              name="testTwoColsThreeRows.1.name"
              style="max-width: 150px;"
              title="Name"
              type="text"
            />
          </td>
          <td
            class="align-middle"
          >
            <input
              class="form-text-input p-1 m-1 text-center"
              name="testTwoColsThreeRows.1.points"
              style="max-width: 150px;"
              title="Score"
              type="text"
            />
          </td>
          <td>
            <button
              class="me-2 bg-white text-danger rounded fs-5 border border-3 border-danger button-hover"
              type="button"
            >
              <span
                class="ps-2"
              >
                הסר
              </span>
              <svg
                aria-hidden="true"
                class="svg-inline--fa fa-circle-minus "
                color="red"
                data-icon="circle-minus"
                data-prefix="fas"
                focusable="false"
                role="img"
                viewBox="0 0 512 512"
                xmlns="http://www.w3.org/2000/svg"
              >
                <path
                  d="M256 512c141.4 0 256-114.6 256-256S397.4 0 256 0S0 114.6 0 256S114.6 512 256 512zM184 232H328c13.3 0 24 10.7 24 24s-10.7 24-24 24H184c-13.3 0-24-10.7-24-24s10.7-24 24-24z"
                  fill="currentColor"
                />
              </svg>
            </button>
          </td>
          <td>
            <button
              class="me-2 bg-white text-primary rounded fs-5 border border-3 border-primary button-hover"
              type="button"
            >
              <span
                class="ps-2"
              >
                העבר
              </span>
              <svg
                aria-hidden="true"
                class="svg-inline--fa fa-share fa-flip-horizontal "
                color="blue"
                data-icon="share"
                data-prefix="fas"
                focusable="false"
                role="img"
                viewBox="0 0 512 512"
                xmlns="http://www.w3.org/2000/svg"
              >
                <path
                  d="M307 34.8c-11.5 5.1-19 16.6-19 29.2v64H176C78.8 128 0 206.8 0 304C0 417.3 81.5 467.9 100.2 478.1c2.5 1.4 5.3 1.9 8.1 1.9c10.9 0 19.7-8.9 19.7-19.7c0-7.5-4.3-14.4-9.8-19.5C108.8 431.9 96 414.4 96 384c0-53 43-96 96-96h96v64c0 12.6 7.4 24.1 19 29.2s25 3 34.4-5.4l160-144c6.7-6.1 10.6-14.7 10.6-23.8s-3.8-17.7-10.6-23.8l-160-144c-9.4-8.5-22.9-10.6-34.4-5.4z"
                  fill="currentColor"
                />
              </svg>
            </button>
          </td>
        </tr>
        <tr>
          <td
            class="fs-4 fw-bold ps-3"
          >
            3
          </td>
          <td
            class="align-middle"
          >
            <input
              class="form-text-input p-1 m-1 text-center"
              name="testTwoColsThreeRows.2.name"
              style="max-width: 150px;"
              title="Name"
              type="text"
            />
          </td>
          <td
            class="align-middle"
          >
            <input
              class="form-text-input p-1 m-1 text-center"
              name="testTwoColsThreeRows.2.points"
              style="max-width: 150px;"
              title="Score"
              type="text"
            />
          </td>
          <td>
            <button
              class="me-2 bg-white text-danger rounded fs-5 border border-3 border-danger button-hover"
              type="button"
            >
              <span
                class="ps-2"
              >
                הסר
              </span>
              <svg
                aria-hidden="true"
                class="svg-inline--fa fa-circle-minus "
                color="red"
                data-icon="circle-minus"
                data-prefix="fas"
                focusable="false"
                role="img"
                viewBox="0 0 512 512"
                xmlns="http://www.w3.org/2000/svg"
              >
                <path
                  d="M256 512c141.4 0 256-114.6 256-256S397.4 0 256 0S0 114.6 0 256S114.6 512 256 512zM184 232H328c13.3 0 24 10.7 24 24s-10.7 24-24 24H184c-13.3 0-24-10.7-24-24s10.7-24 24-24z"
                  fill="currentColor"
                />
              </svg>
            </button>
          </td>
          <td>
            <button
              class="me-2 bg-white text-primary rounded fs-5 border border-3 border-primary button-hover"
              type="button"
            >
              <span
                class="ps-2"
              >
                העבר
              </span>
              <svg
                aria-hidden="true"
                class="svg-inline--fa fa-share fa-flip-horizontal "
                color="blue"
                data-icon="share"
                data-prefix="fas"
                focusable="false"
                role="img"
                viewBox="0 0 512 512"
                xmlns="http://www.w3.org/2000/svg"
              >
                <path
                  d="M307 34.8c-11.5 5.1-19 16.6-19 29.2v64H176C78.8 128 0 206.8 0 304C0 417.3 81.5 467.9 100.2 478.1c2.5 1.4 5.3 1.9 8.1 1.9c10.9 0 19.7-8.9 19.7-19.7c0-7.5-4.3-14.4-9.8-19.5C108.8 431.9 96 414.4 96 384c0-53 43-96 96-96h96v64c0 12.6 7.4 24.1 19 29.2s25 3 34.4-5.4l160-144c6.7-6.1 10.6-14.7 10.6-23.8s-3.8-17.7-10.6-23.8l-160-144c-9.4-8.5-22.9-10.6-34.4-5.4z"
                  fill="currentColor"
                />
              </svg>
            </button>
          </td>
        </tr>
      </tbody>
    </table>
    <button
      class="fs-4 bg-default rounded m-4 py-2 px-4"
      type="button"
    >
      הוסף נהג
    </button>
  </form>
  <form>
    <table
      class="bg-white mx-auto"
    >
      <thead>
        <tr>
          <th />
          <th
            class="fs-5 p-3"
          >
            Name
          </th>
          <th
            class="fs-5 p-3"
          >
            Score
          </th>
        </tr>
      </thead>
      <tbody>
        <tr>
          <td
            class="fs-4 fw-bold ps-3"
          >
            1
          </td>
          <td
            class="align-middle"
          >
            <input
              class="form-text-input p-1 m-1 text-center"
              name="testTwoColsThreeRows.0.name"
              style="max-width: 150px;"
              title="Name"
              type="text"
            />
          </td>
          <td
            class="align-middle"
          >
            <input
              class="form-text-input p-1 m-1 text-center"
              name="testTwoColsThreeRows.0.points"
              style="max-width: 150px;"
              title="Score"
              type="text"
            />
          </td>
          <td>
            <button
              class="me-2 bg-white text-danger rounded fs-5 border border-3 border-danger button-hover"
              type="button"
            >
              <span
                class="ps-2"
              >
                הסר
              </span>
              <svg
                aria-hidden="true"
                class="svg-inline--fa fa-circle-minus "
                color="red"
                data-icon="circle-minus"
                data-prefix="fas"
                focusable="false"
                role="img"
                viewBox="0 0 512 512"
                xmlns="http://www.w3.org/2000/svg"
              >
                <path
                  d="M256 512c141.4 0 256-114.6 256-256S397.4 0 256 0S0 114.6 0 256S114.6 512 256 512zM184 232H328c13.3 0 24 10.7 24 24s-10.7 24-24 24H184c-13.3 0-24-10.7-24-24s10.7-24 24-24z"
                  fill="currentColor"
                />
              </svg>
            </button>
          </td>
          <td>
            <button
              class="me-2 bg-white text-primary rounded fs-5 border border-3 border-primary button-hover"
              type="button"
            >
              <span
                class="ps-2"
              >
                העבר
              </span>
              <svg
                aria-hidden="true"
                class="svg-inline--fa fa-share fa-flip-horizontal "
                color="blue"
                data-icon="share"
                data-prefix="fas"
                focusable="false"
                role="img"
                viewBox="0 0 512 512"
                xmlns="http://www.w3.org/2000/svg"
              >
                <path
                  d="M307 34.8c-11.5 5.1-19 16.6-19 29.2v64H176C78.8 128 0 206.8 0 304C0 417.3 81.5 467.9 100.2 478.1c2.5 1.4 5.3 1.9 8.1 1.9c10.9 0 19.7-8.9 19.7-19.7c0-7.5-4.3-14.4-9.8-19.5C108.8 431.9 96 414.4 96 384c0-53 43-96 96-96h96v64c0 12.6 7.4 24.1 19 29.2s25 3 34.4-5.4l160-144c6.7-6.1 10.6-14.7 10.6-23.8s-3.8-17.7-10.6-23.8l-160-144c-9.4-8.5-22.9-10.6-34.4-5.4z"
                  fill="currentColor"
                />
              </svg>
            </button>
          </td>
        </tr>
        <tr>
          <td
            class="fs-4 fw-bold ps-3"
          >
            2
          </td>
          <td
            class="align-middle"
          >
            <input
              class="form-text-input p-1 m-1 text-center"
              name="testTwoColsThreeRows.1.name"
              style="max-width: 150px;"
              title="Name"
              type="text"
            />
          </td>
          <td
            class="align-middle"
          >
            <input
              class="form-text-input p-1 m-1 text-center"
              name="testTwoColsThreeRows.1.points"
              style="max-width: 150px;"
              title="Score"
              type="text"
            />
          </td>
          <td>
            <button
              class="me-2 bg-white text-danger rounded fs-5 border border-3 border-danger button-hover"
              type="button"
            >
              <span
                class="ps-2"
              >
                הסר
              </span>
              <svg
                aria-hidden="true"
                class="svg-inline--fa fa-circle-minus "
                color="red"
                data-icon="circle-minus"
                data-prefix="fas"
                focusable="false"
                role="img"
                viewBox="0 0 512 512"
                xmlns="http://www.w3.org/2000/svg"
              >
                <path
                  d="M256 512c141.4 0 256-114.6 256-256S397.4 0 256 0S0 114.6 0 256S114.6 512 256 512zM184 232H328c13.3 0 24 10.7 24 24s-10.7 24-24 24H184c-13.3 0-24-10.7-24-24s10.7-24 24-24z"
                  fill="currentColor"
                />
              </svg>
            </button>
          </td>
          <td>
            <button
              class="me-2 bg-white text-primary rounded fs-5 border border-3 border-primary button-hover"
              type="button"
            >
              <span
                class="ps-2"
              >
                העבר
              </span>
              <svg
                aria-hidden="true"
                class="svg-inline--fa fa-share fa-flip-horizontal "
                color="blue"
                data-icon="share"
                data-prefix="fas"
                focusable="false"
                role="img"
                viewBox="0 0 512 512"
                xmlns="http://www.w3.org/2000/svg"
              >
                <path
                  d="M307 34.8c-11.5 5.1-19 16.6-19 29.2v64H176C78.8 128 0 206.8 0 304C0 417.3 81.5 467.9 100.2 478.1c2.5 1.4 5.3 1.9 8.1 1.9c10.9 0 19.7-8.9 19.7-19.7c0-7.5-4.3-14.4-9.8-19.5C108.8 431.9 96 414.4 96 384c0-53 43-96 96-96h96v64c0 12.6 7.4 24.1 19 29.2s25 3 34.4-5.4l160-144c6.7-6.1 10.6-14.7 10.6-23.8s-3.8-17.7-10.6-23.8l-160-144c-9.4-8.5-22.9-10.6-34.4-5.4z"
                  fill="currentColor"
                />
              </svg>
            </button>
          </td>
        </tr>
        <tr>
          <td
            class="fs-4 fw-bold ps-3"
          >
            3
          </td>
          <td
            class="align-middle"
          >
            <input
              class="form-text-input p-1 m-1 text-center"
              name="testTwoColsThreeRows.2.name"
              style="max-width: 150px;"
              title="Name"
              type="text"
            />
          </td>
          <td
            class="align-middle"
          >
            <input
              class="form-text-input p-1 m-1 text-center"
              name="testTwoColsThreeRows.2.points"
              style="max-width: 150px;"
              title="Score"
              type="text"
            />
          </td>
          <td>
            <button
              class="me-2 bg-white text-danger rounded fs-5 border border-3 border-danger button-hover"
              type="button"
            >
              <span
                class="ps-2"
              >
                הסר
              </span>
              <svg
                aria-hidden="true"
                class="svg-inline--fa fa-circle-minus "
                color="red"
                data-icon="circle-minus"
                data-prefix="fas"
                focusable="false"
                role="img"
                viewBox="0 0 512 512"
                xmlns="http://www.w3.org/2000/svg"
              >
                <path
                  d="M256 512c141.4 0 256-114.6 256-256S397.4 0 256 0S0 114.6 0 256S114.6 512 256 512zM184 232H328c13.3 0 24 10.7 24 24s-10.7 24-24 24H184c-13.3 0-24-10.7-24-24s10.7-24 24-24z"
                  fill="currentColor"
                />
              </svg>
            </button>
          </td>
          <td>
            <button
              class="me-2 bg-white text-primary rounded fs-5 border border-3 border-primary button-hover"
              type="button"
            >
              <span
                class="ps-2"
              >
                העבר
              </span>
              <svg
                aria-hidden="true"
                class="svg-inline--fa fa-share fa-flip-horizontal "
                color="blue"
                data-icon="share"
                data-prefix="fas"
                focusable="false"
                role="img"
                viewBox="0 0 512 512"
                xmlns="http://www.w3.org/2000/svg"
              >
                <path
                  d="M307 34.8c-11.5 5.1-19 16.6-19 29.2v64H176C78.8 128 0 206.8 0 304C0 417.3 81.5 467.9 100.2 478.1c2.5 1.4 5.3 1.9 8.1 1.9c10.9 0 19.7-8.9 19.7-19.7c0-7.5-4.3-14.4-9.8-19.5C108.8 431.9 96 414.4 96 384c0-53 43-96 96-96h96v64c0 12.6 7.4 24.1 19 29.2s25 3 34.4-5.4l160-144c6.7-6.1 10.6-14.7 10.6-23.8s-3.8-17.7-10.6-23.8l-160-144c-9.4-8.5-22.9-10.6-34.4-5.4z"
                  fill="currentColor"
                />
              </svg>
            </button>
          </td>
        </tr>
      </tbody>
    </table>
    <button
      class="fs-4 bg-default rounded m-4 py-2 px-4"
      type="button"
    >
      הוסף נהג
    </button>
  </form>
</DocumentFragment>
`;
